// Jest Snapshot v1, https://goo.gl/fbAQLP

exports[`Card should match the snapshot 1`] = `
ShallowWrapper {
  Symbol(enzyme.__root__): [Circular],
  Symbol(enzyme.__unrendered__): <Card
    addFavorite={[MockFunction]}
    card={
      Object {
        "Homeworld": "Tattooine",
        "HomeworldPopulation": 150000,
        "Name": "Luke",
        "Species": "Human",
      }
    }
    cardCategory="people"
    removeFavorite={[MockFunction]}
  />,
  Symbol(enzyme.__renderer__): Object {
    "batchedUpdates": [Function],
    "getNode": [Function],
    "render": [Function],
    "simulateError": [Function],
    "simulateEvent": [Function],
    "unmount": [Function],
  },
  Symbol(enzyme.__node__): Object {
    "instance": null,
    "key": undefined,
    "nodeType": "host",
    "props": Object {
      "children": Array [
        <button
          className="card-favorite"
          onClick={[Function]}
        >
          <i
            className="card-favorite-icon fas fa-heart"
            onClick={[Function]}
          />
        </button>,
        <div
          className="card-profile"
          onClick={[Function]}
        >
          <img
            alt="wookie"
            className="card-image"
            src="https://moviewriternyu.files.wordpress.com/2015/07/chewy-2.png"
          />
          <h3
            className="card-profile-name"
          >
            luke
          </h3>
        </div>,
      ],
      "className": "Card",
    },
    "ref": null,
    "rendered": Array [
      Object {
        "instance": null,
        "key": undefined,
        "nodeType": "host",
        "props": Object {
          "children": <i
            className="card-favorite-icon fas fa-heart"
            onClick={[Function]}
          />,
          "className": "card-favorite",
          "onClick": [Function],
        },
        "ref": null,
        "rendered": Object {
          "instance": null,
          "key": undefined,
          "nodeType": "host",
          "props": Object {
            "className": "card-favorite-icon fas fa-heart",
            "onClick": [Function],
          },
          "ref": null,
          "rendered": null,
          "type": "i",
        },
        "type": "button",
      },
      Object {
        "instance": null,
        "key": undefined,
        "nodeType": "host",
        "props": Object {
          "children": Array [
            <img
              alt="wookie"
              className="card-image"
              src="https://moviewriternyu.files.wordpress.com/2015/07/chewy-2.png"
            />,
            <h3
              className="card-profile-name"
            >
              luke
            </h3>,
          ],
          "className": "card-profile",
          "onClick": [Function],
        },
        "ref": null,
        "rendered": Array [
          Object {
            "instance": null,
            "key": undefined,
            "nodeType": "host",
            "props": Object {
              "alt": "wookie",
              "className": "card-image",
              "src": "https://moviewriternyu.files.wordpress.com/2015/07/chewy-2.png",
            },
            "ref": null,
            "rendered": null,
            "type": "img",
          },
          Object {
            "instance": null,
            "key": undefined,
            "nodeType": "host",
            "props": Object {
              "children": "luke",
              "className": "card-profile-name",
            },
            "ref": null,
            "rendered": "luke",
            "type": "h3",
          },
        ],
        "type": "div",
      },
    ],
    "type": "div",
  },
  Symbol(enzyme.__nodes__): Array [
    Object {
      "instance": null,
      "key": undefined,
      "nodeType": "host",
      "props": Object {
        "children": Array [
          <button
            className="card-favorite"
            onClick={[Function]}
          >
            <i
              className="card-favorite-icon fas fa-heart"
              onClick={[Function]}
            />
          </button>,
          <div
            className="card-profile"
            onClick={[Function]}
          >
            <img
              alt="wookie"
              className="card-image"
              src="https://moviewriternyu.files.wordpress.com/2015/07/chewy-2.png"
            />
            <h3
              className="card-profile-name"
            >
              luke
            </h3>
          </div>,
        ],
        "className": "Card",
      },
      "ref": null,
      "rendered": Array [
        Object {
          "instance": null,
          "key": undefined,
          "nodeType": "host",
          "props": Object {
            "children": <i
              className="card-favorite-icon fas fa-heart"
              onClick={[Function]}
            />,
            "className": "card-favorite",
            "onClick": [Function],
          },
          "ref": null,
          "rendered": Object {
            "instance": null,
            "key": undefined,
            "nodeType": "host",
            "props": Object {
              "className": "card-favorite-icon fas fa-heart",
              "onClick": [Function],
            },
            "ref": null,
            "rendered": null,
            "type": "i",
          },
          "type": "button",
        },
        Object {
          "instance": null,
          "key": undefined,
          "nodeType": "host",
          "props": Object {
            "children": Array [
              <img
                alt="wookie"
                className="card-image"
                src="https://moviewriternyu.files.wordpress.com/2015/07/chewy-2.png"
              />,
              <h3
                className="card-profile-name"
              >
                luke
              </h3>,
            ],
            "className": "card-profile",
            "onClick": [Function],
          },
          "ref": null,
          "rendered": Array [
            Object {
              "instance": null,
              "key": undefined,
              "nodeType": "host",
              "props": Object {
                "alt": "wookie",
                "className": "card-image",
                "src": "https://moviewriternyu.files.wordpress.com/2015/07/chewy-2.png",
              },
              "ref": null,
              "rendered": null,
              "type": "img",
            },
            Object {
              "instance": null,
              "key": undefined,
              "nodeType": "host",
              "props": Object {
                "children": "luke",
                "className": "card-profile-name",
              },
              "ref": null,
              "rendered": "luke",
              "type": "h3",
            },
          ],
          "type": "div",
        },
      ],
      "type": "div",
    },
  ],
  Symbol(enzyme.__options__): Object {
    "adapter": ReactSixteenAdapter {
      "options": Object {
        "enableComponentDidUpdateOnSetState": true,
        "lifecycles": Object {
          "componentDidUpdate": Object {
            "onSetState": true,
          },
          "getDerivedStateFromProps": true,
          "getSnapshotBeforeUpdate": true,
          "setState": Object {
            "skipsComponentDidUpdateOnNullish": true,
          },
        },
      },
    },
  },
}
`;
